============================= test session starts =============================
platform win32 -- Python 3.12.10, pytest-9.0.2, pluggy-1.6.0 -- C:\Users\kaushal.behere\AppData\Local\Programs\Python\Python312\python.exe
cachedir: .pytest_cache
rootdir: C:\Users\kaushal.behere\OneDrive - Accenture\Documents\Code\green-ai-agent
configfile: pytest.ini
testpaths: tests/
plugins: anyio-4.12.1
collecting ... collected 232 items

tests/test_additional_coverage.py::TestEmissionAnalyzer::test_emission_analyzer_init PASSED [  0%]
tests/test_additional_coverage.py::TestEmissionAnalyzer::test_analyze_codebase_empty PASSED [  0%]
tests/test_additional_coverage.py::TestEmissionAnalyzer::test_analyze_codebase_with_content PASSED [  1%]
tests/test_additional_coverage.py::TestEmissionAnalyzer::test_get_per_line_emissions PASSED [  1%]
tests/test_additional_coverage.py::TestEmissionAnalyzer::test_complexity_metrics_dataclass PASSED [  2%]
tests/test_additional_coverage.py::TestScannerAdvanced::test_scanner_is_supported_file PASSED [  2%]
tests/test_additional_coverage.py::TestScannerAdvanced::test_scanner_javascript_support PASSED [  3%]
tests/test_additional_coverage.py::TestScannerAdvanced::test_scanner_get_files PASSED [  3%]
tests/test_additional_coverage.py::TestScannerAdvanced::test_scanner_get_run_command_unsupported PASSED [  3%]
tests/test_ai_suggester.py::test_ai_suggester_init PASSED                [  4%]
tests/test_ai_suggester.py::test_suggest_fix PASSED                      [  4%]
tests/test_ai_suggester.py::test_suggest_fix_empty PASSED                [  5%]
tests/test_charts.py::TestSeverityChart::test_empty_issues PASSED        [  5%]
tests/test_charts.py::TestSeverityChart::test_single_high_severity PASSED [  6%]
tests/test_charts.py::TestSeverityChart::test_mixed_severities PASSED    [  6%]
tests/test_charts.py::TestSeverityChart::test_case_insensitive_severity PASSED [  6%]
tests/test_charts.py::TestViolationsByType::test_empty_issues PASSED     [  7%]
tests/test_charts.py::TestViolationsByType::test_issue_type_categorization PASSED [  7%]
tests/test_charts.py::TestViolationsByType::test_percentages_sum_to_100 PASSED [  8%]
tests/test_charts.py::TestViolationsByFile::test_empty_issues PASSED     [  8%]
tests/test_charts.py::TestViolationsByFile::test_single_file PASSED      [  9%]
tests/test_charts.py::TestViolationsByFile::test_multiple_files_sorted PASSED [  9%]
tests/test_charts.py::TestViolationsByFile::test_max_10_files PASSED     [  9%]
tests/test_charts.py::TestTopViolations::test_empty_issues PASSED        [ 10%]
tests/test_charts.py::TestTopViolations::test_sorted_by_emissions PASSED [ 10%]
tests/test_charts.py::TestTopViolations::test_limit_to_10 PASSED         [ 11%]
tests/test_charts.py::TestEmissionsTrend::test_empty_emissions PASSED    [ 11%]
tests/test_charts.py::TestEmissionsTrend::test_single_file PASSED        [ 12%]
tests/test_charts.py::TestEmissionsTrend::test_multiple_files PASSED     [ 12%]
tests/test_charts.py::TestEmissionsTrend::test_max_10_files PASSED       [ 12%]
tests/test_charts.py::TestSummaryMetrics::test_empty_results PASSED      [ 13%]
tests/test_charts.py::TestSummaryMetrics::test_issue_severity_counts PASSED [ 13%]
tests/test_charts.py::TestSummaryMetrics::test_emissions_totals PASSED   [ 14%]
tests/test_charts.py::TestSummaryMetrics::test_average_issue_emissions PASSED [ 14%]
tests/test_charts.py::TestGenerateAllCharts::test_generate_all_charts PASSED [ 15%]
tests/test_cli_multiproject.py::TestProjectCommands::test_project_add PASSED [ 15%]
tests/test_cli_multiproject.py::TestProjectCommands::test_project_add_duplicate PASSED [ 15%]
tests/test_cli_multiproject.py::TestProjectCommands::test_project_export FAILED [ 16%]
tests/test_cli_multiproject.py::TestProjectCommands::test_project_list FAILED [ 16%]
tests/test_cli_multiproject.py::TestProjectCommands::test_project_list_empty PASSED [ 17%]
tests/test_cli_multiproject.py::TestProjectCommands::test_project_remove PASSED [ 17%]
tests/test_cli_multiproject.py::TestProjectCommands::test_project_remove_not_found PASSED [ 18%]
tests/test_cli_multiproject.py::TestScanCommandValidation::test_scan_missing_path_and_git_url PASSED [ 18%]
tests/test_config.py::TestConfigLoader::test_default_config_when_no_file_exists PASSED [ 18%]
tests/test_config.py::TestConfigLoader::test_load_valid_yaml_config PASSED [ 19%]
tests/test_config.py::TestConfigLoader::test_config_merges_with_defaults PASSED [ 19%]
tests/test_config.py::TestConfigLoader::test_is_rule_enabled PASSED      [ 20%]
tests/test_config.py::TestConfigLoader::test_get_with_dot_notation PASSED [ 20%]
tests/test_config.py::TestConfigLoader::test_get_enabled_languages PASSED [ 21%]
tests/test_config.py::TestConfigLoader::test_validation_errors PASSED    [ 21%]
tests/test_config.py::TestConfigIntegration::test_scanner_respects_config PASSED [ 21%]
tests/test_dashboard_projects.py::TestProjectsAPIEndpoint::test_api_projects_list_success PASSED [ 22%]
tests/test_dashboard_projects.py::TestProjectsAPIEndpoint::test_api_projects_list_empty PASSED [ 22%]
tests/test_dashboard_projects.py::TestProjectsAPIEndpoint::test_api_projects_metrics_calculation PASSED [ 23%]
tests/test_dashboard_projects.py::TestProjectsAPIEndpoint::test_api_projects_list_violation_counts PASSED [ 23%]
tests/test_dashboard_projects.py::TestProjectDetailEndpoint::test_api_project_detail_success PASSED [ 24%]
tests/test_dashboard_projects.py::TestProjectDetailEndpoint::test_api_project_detail_not_found PASSED [ 24%]
tests/test_dashboard_projects.py::TestProjectDetailEndpoint::test_api_project_detail_complete_data PASSED [ 25%]
tests/test_dashboard_projects.py::TestComparisonEndpoint::test_api_comparison_multiple_projects PASSED [ 25%]
tests/test_dashboard_projects.py::TestComparisonEndpoint::test_api_comparison_no_projects_specified PASSED [ 25%]
tests/test_dashboard_projects.py::TestComparisonEndpoint::test_api_comparison_max_projects_limit PASSED [ 26%]
tests/test_dashboard_projects.py::TestComparisonEndpoint::test_api_comparison_invalid_projects PASSED [ 26%]
tests/test_dashboard_projects.py::TestComparisonEndpoint::test_api_comparison_partial_invalid_projects PASSED [ 27%]
tests/test_dashboard_projects.py::TestComparisonEndpoint::test_api_comparison_includes_all_metrics PASSED [ 27%]
tests/test_dashboard_projects.py::TestAverageGradeCalculation::test_average_grade_all_a PASSED [ 28%]
tests/test_dashboard_projects.py::TestAverageGradeCalculation::test_average_grade_mixed PASSED [ 28%]
tests/test_dashboard_projects.py::TestAverageGradeCalculation::test_average_grade_all_f PASSED [ 28%]
tests/test_dashboard_projects.py::TestAverageGradeCalculation::test_average_grade_mostly_a PASSED [ 29%]
tests/test_dashboard_projects.py::TestAverageGradeCalculation::test_average_grade_empty_list PASSED [ 29%]
tests/test_dashboard_projects.py::TestAverageGradeCalculation::test_average_grade_invalid_grades PASSED [ 30%]
tests/test_dashboard_projects.py::TestAverageGradeCalculation::test_average_grade_boundary_values PASSED [ 30%]
tests/test_dashboard_projects.py::TestDashboardIntegration::test_dashboard_route_exists PASSED [ 31%]
tests/test_dashboard_projects.py::TestDashboardIntegration::test_all_api_endpoints_exist FAILED [ 31%]
tests/test_dashboard_projects.py::TestDashboardIntegration::test_projects_list_returns_valid_json PASSED [ 31%]
tests/test_dashboard_projects.py::TestDashboardIntegration::test_comparison_returns_valid_json PASSED [ 32%]
tests/test_dashboard_projects.py::TestEdgeCases::test_project_with_no_violations PASSED [ 32%]
tests/test_dashboard_projects.py::TestEdgeCases::test_project_with_special_characters_in_name PASSED [ 33%]
tests/test_dashboard_projects.py::TestEdgeCases::test_project_with_large_emission_values PASSED [ 33%]
tests/test_dashboard_projects.py::TestEdgeCases::test_multiple_same_severity_violations PASSED [ 34%]
tests/test_emissions_storage.py::TestEmissionsStorage::test_codecarbon_defaults_to_data_folder PASSED [ 34%]
tests/test_emissions_storage.py::TestEmissionsStorage::test_codecarbon_accepts_custom_path PASSED [ 34%]
tests/test_emissions_storage.py::TestEmissionsStorage::test_scaphandre_defaults_to_data_folder PASSED [ 35%]
tests/test_emissions_storage.py::TestEmissionsStorage::test_scaphandre_accepts_custom_path PASSED [ 35%]
tests/test_emissions_storage.py::TestEmissionsStorage::test_data_folder_exists PASSED [ 36%]
tests/test_emissions_storage.py::TestEmissionsStorage::test_scaphandre_data_folder_created PASSED [ 36%]
tests/test_emissions_storage.py::TestEmissionsDataStructure::test_emissions_csv_location PASSED [ 37%]
tests/test_emissions_storage.py::TestEmissionsDataStructure::test_emissions_file_structure PASSED [ 37%]
tests/test_export.py::TestCSVExporter::test_csv_export_creates_file PASSED [ 37%]
tests/test_export.py::TestCSVExporter::test_csv_export_default_filename PASSED [ 38%]
tests/test_export.py::TestCSVExporter::test_csv_export_format PASSED     [ 38%]
tests/test_export.py::TestCSVExporter::test_csv_export_severity_sorting PASSED [ 39%]
tests/test_export.py::TestCSVExporter::test_csv_export_summary_row PASSED [ 39%]
tests/test_export.py::TestCSVExporter::test_get_statistics PASSED        [ 40%]
tests/test_export.py::TestCSVExporter::test_csv_export_empty_results PASSED [ 40%]
tests/test_export.py::TestCSVExporter::test_energy_factor_inference PASSED [ 40%]
tests/test_export.py::TestHTMLReporter::test_html_export_creates_file PASSED [ 41%]
tests/test_export.py::TestHTMLReporter::test_html_export_default_filename PASSED [ 41%]
tests/test_export.py::TestHTMLReporter::test_html_export_contains_key_elements PASSED [ 42%]
tests/test_export.py::TestHTMLReporter::test_html_export_statistics_display PASSED [ 42%]
tests/test_export.py::TestHTMLReporter::test_html_export_emissions_section PASSED [ 43%]
tests/test_export.py::TestHTMLReporter::test_html_export_empty_results PASSED [ 43%]
tests/test_export.py::TestHTMLReporter::test_get_color_for_severity PASSED [ 43%]
tests/test_git_operations.py::TestGitUrlParsing::test_parse_https_url_without_branch PASSED [ 44%]
tests/test_git_operations.py::TestGitUrlParsing::test_parse_https_url_with_branch PASSED [ 44%]
tests/test_git_operations.py::TestGitUrlParsing::test_parse_ssh_url_without_branch PASSED [ 45%]
tests/test_git_operations.py::TestGitUrlParsing::test_parse_ssh_url_with_branch PASSED [ 45%]
tests/test_git_operations.py::TestGitUrlParsing::test_parse_http_url PASSED [ 46%]
tests/test_git_operations.py::TestGitUrlParsing::test_parse_invalid_url_raises_exception PASSED [ 46%]
tests/test_git_operations.py::TestGitUrlParsing::test_parse_empty_url_raises_exception PASSED [ 46%]
tests/test_git_operations.py::TestGitUrlParsing::test_parse_none_url_raises_exception PASSED [ 47%]
tests/test_git_operations.py::TestRepoNameExtraction::test_extract_repo_name_from_https PASSED [ 47%]
tests/test_git_operations.py::TestRepoNameExtraction::test_extract_repo_name_from_ssh PASSED [ 48%]
tests/test_git_operations.py::TestRepoNameExtraction::test_extract_repo_name_with_branch PASSED [ 48%]
tests/test_git_operations.py::TestGitUrlDetection::test_is_git_url_https PASSED [ 49%]
tests/test_git_operations.py::TestGitUrlDetection::test_is_git_url_ssh PASSED [ 49%]
tests/test_git_operations.py::TestGitUrlDetection::test_is_git_url_with_branch PASSED [ 50%]
tests/test_git_operations.py::TestGitUrlDetection::test_is_not_git_url_invalid PASSED [ 50%]
tests/test_git_operations.py::TestGitUrlDetection::test_is_not_git_url_empty PASSED [ 50%]
tests/test_git_operations.py::TestGitUrlDetection::test_is_not_git_url_none PASSED [ 51%]
tests/test_git_operations.py::TestLocalPathDetection::test_is_local_path_existing_directory PASSED [ 51%]
tests/test_git_operations.py::TestLocalPathDetection::test_is_not_local_path_nonexistent PASSED [ 52%]
tests/test_git_operations.py::TestLocalPathDetection::test_is_not_local_path_file PASSED [ 52%]
tests/test_git_operations.py::TestLocalPathDetection::test_is_not_local_path_empty_string PASSED [ 53%]
tests/test_git_operations.py::TestLocalPathDetection::test_is_not_local_path_none PASSED [ 53%]
tests/test_git_operations.py::TestGitCloneOperation::test_clone_repository_success PASSED [ 53%]
tests/test_git_operations.py::TestGitCloneOperation::test_clone_repository_failure PASSED [ 54%]
tests/test_git_operations.py::TestGitCloneOperation::test_clone_repository_timeout PASSED [ 54%]
tests/test_git_operations.py::TestGitCloneOperation::test_clone_repository_no_git_installed PASSED [ 55%]
tests/test_git_operations.py::TestCheckoutBranch::test_checkout_branch_success PASSED [ 55%]
tests/test_git_operations.py::TestCheckoutBranch::test_checkout_branch_failure PASSED [ 56%]
tests/test_git_operations.py::TestCheckoutBranch::test_checkout_empty_branch_is_noop PASSED [ 56%]
tests/test_git_operations.py::TestCleanup::test_cleanup_nonexistent_directory PASSED [ 56%]
tests/test_git_operations.py::TestCleanup::test_cleanup_empty_path PASSED [ 57%]
tests/test_git_operations.py::TestCleanup::test_cleanup_none_path PASSED [ 57%]
tests/test_git_operations.py::TestCleanup::test_cleanup_existing_directory PASSED [ 58%]
tests/test_git_operations.py::TestDetectAndPrepare::test_detect_local_path PASSED [ 58%]
tests/test_git_operations.py::TestDetectAndPrepare::test_detect_git_url PASSED [ 59%]
tests/test_git_operations.py::TestDetectAndPrepare::test_detect_invalid_location PASSED [ 59%]
tests/test_history.py::TestScanHistory::test_scan_history_creation PASSED [ 59%]
tests/test_history.py::TestScanHistory::test_severity_breakdown PASSED   [ 60%]
tests/test_history.py::TestScanHistory::test_to_dict_serialization PASSED [ 60%]
tests/test_history.py::TestScanHistory::test_from_dict_deserialization PASSED [ 61%]
tests/test_history.py::TestHistoryManager::test_directory_creation PASSED [ 61%]
tests/test_history.py::TestHistoryManager::test_add_scan PASSED          [ 62%]
tests/test_history.py::TestHistoryManager::test_get_project_history PASSED [ 62%]
tests/test_history.py::TestHistoryManager::test_history_persistence PASSED [ 62%]
tests/test_history.py::TestHistoryManager::test_get_trending_data_insufficient_data PASSED [ 63%]
tests/test_history.py::TestHistoryManager::test_get_trending_data_improving PASSED [ 63%]
tests/test_history.py::TestHistoryManager::test_get_trending_data_worsening PASSED [ 64%]
tests/test_history.py::TestHistoryManager::test_get_trending_data_stable PASSED [ 64%]
tests/test_history.py::TestHistoryManager::test_compare_scans PASSED     [ 65%]
tests/test_history.py::TestHistoryManager::test_get_history_by_days PASSED [ 65%]
tests/test_history.py::TestHistoryManager::test_calculate_grade_all_critical PASSED [ 65%]
tests/test_history.py::TestHistoryManager::test_calculate_grade_all_low PASSED [ 66%]
tests/test_history.py::TestHistoryManager::test_calculate_grade_mixed PASSED [ 66%]
tests/test_history.py::TestHistoryManager::test_calculate_grade_empty PASSED [ 67%]
tests/test_history_api.py::TestHistoryAPI::test_api_history_missing_project PASSED [ 67%]
tests/test_history_api.py::TestHistoryAPI::test_api_history_empty PASSED [ 68%]
tests/test_history_api.py::TestHistoryAPI::test_api_trending_missing_project PASSED [ 68%]
tests/test_history_api.py::TestHistoryAPI::test_api_trending_no_scans PASSED [ 68%]
tests/test_history_api.py::TestHistoryAPI::test_api_compare_missing_project PASSED [ 69%]
tests/test_history_api.py::TestHistoryAPI::test_api_compare_insufficient_scans PASSED [ 69%]
tests/test_history_api.py::TestHistoryAPI::test_api_history_invalid_project_name PASSED [ 70%]
tests/test_history_api.py::TestHistoryAPI::test_api_endpoints_return_json PASSED [ 70%]
tests/test_integration.py::test_cli_scan_basic PASSED                    [ 71%]
tests/test_integration.py::test_cli_scan_with_runtime PASSED             [ 71%]
tests/test_integration.py::test_cli_dashboard PASSED                     [ 71%]
tests/test_project_manager.py::TestProject::test_create_project PASSED   [ 72%]
tests/test_project_manager.py::TestProject::test_project_to_dict PASSED  [ 72%]
tests/test_project_manager.py::TestProject::test_project_from_dict PASSED [ 73%]
tests/test_project_manager.py::TestProject::test_project_grade_no_violations PASSED [ 73%]
tests/test_project_manager.py::TestProject::test_project_grade_low_violations PASSED [ 74%]
tests/test_project_manager.py::TestProject::test_project_grade_medium_violations PASSED [ 74%]
tests/test_project_manager.py::TestProject::test_project_grade_high_violations PASSED [ 75%]
tests/test_project_manager.py::TestProject::test_project_grade_critical_violations PASSED [ 75%]
tests/test_project_manager.py::TestProject::test_project_update_scan_results PASSED [ 75%]
tests/test_project_manager.py::TestProjectManager::test_manager_init PASSED [ 76%]
tests/test_project_manager.py::TestProjectManager::test_add_project PASSED [ 76%]
tests/test_project_manager.py::TestProjectManager::test_add_duplicate_project_name PASSED [ 77%]
tests/test_project_manager.py::TestProjectManager::test_get_project_by_id PASSED [ 77%]
tests/test_project_manager.py::TestProjectManager::test_get_project_by_name PASSED [ 78%]
tests/test_project_manager.py::TestProjectManager::test_get_nonexistent_project PASSED [ 78%]
tests/test_project_manager.py::TestProjectManager::test_list_projects_sorted_by_name PASSED [ 78%]
tests/test_project_manager.py::TestProjectManager::test_list_projects_sorted_by_violations PASSED [ 79%]
tests/test_project_manager.py::TestProjectManager::test_remove_project PASSED [ 79%]
tests/test_project_manager.py::TestProjectManager::test_remove_nonexistent_project PASSED [ 80%]
tests/test_project_manager.py::TestProjectManager::test_update_project_scan PASSED [ 80%]
tests/test_project_manager.py::TestProjectManager::test_update_nonexistent_project PASSED [ 81%]
tests/test_project_manager.py::TestProjectManager::test_get_summary_metrics_empty PASSED [ 81%]
tests/test_project_manager.py::TestProjectManager::test_get_summary_metrics_with_projects PASSED [ 81%]
tests/test_project_manager.py::TestProjectManager::test_persist_and_load_projects PASSED [ 82%]
tests/test_project_manager.py::TestProjectManager::test_export_projects_json PASSED [ 82%]
tests/test_python.py::test_python_file_exists PASSED                     [ 83%]
tests/test_rules.py::test_rule_repository_init PASSED                    [ 83%]
tests/test_rules.py::test_get_rules_python PASSED                        [ 84%]
tests/test_rules.py::test_get_rules_javascript PASSED                    [ 84%]
tests/test_rules.py::test_get_rules_unknown PASSED                       [ 84%]
tests/test_runtime_monitor.py::TestPatternAnalyzer::test_high_cpu_detection PASSED [ 85%]
tests/test_runtime_monitor.py::TestPatternAnalyzer::test_no_patterns PASSED [ 85%]
tests/test_scan_api.py::TestScanAPI::test_scan_with_git_url PASSED       [ 86%]
tests/test_scan_api.py::TestScanAPI::test_scan_with_local_path PASSED    [ 86%]
tests/test_scan_api.py::TestScanAPI::test_scan_missing_project_name PASSED [ 87%]
tests/test_scan_api.py::TestScanAPI::test_scan_missing_language PASSED   [ 87%]
tests/test_scan_api.py::TestScanAPI::test_scan_with_branch PASSED        [ 87%]
tests/test_scan_api.py::TestProjectDeletion::test_delete_existing_project PASSED [ 88%]
tests/test_scan_api.py::TestProjectDeletion::test_delete_nonexistent_project FAILED [ 88%]
tests/test_scan_api.py::TestProjectRescan::test_rescan_existing_project FAILED [ 89%]
tests/test_scan_api.py::TestProjectRescan::test_rescan_nonexistent_project PASSED [ 89%]
tests/test_scan_api.py::TestProjectClear::test_clear_existing_project FAILED [ 90%]
tests/test_scan_api.py::TestProjectClear::test_clear_nonexistent_project PASSED [ 90%]
tests/test_scan_api.py::TestProjectEndpointIntegration::test_full_project_lifecycle FAILED [ 90%]
tests/test_scan_api.py::TestAPIErrorHandling::test_scan_with_special_characters_in_name PASSED [ 91%]
tests/test_scan_api.py::TestAPIErrorHandling::test_delete_with_url_encoding PASSED [ 91%]
tests/test_scan_api.py::TestAPIErrorHandling::test_malformed_json_request PASSED [ 92%]
tests/test_scanner.py::test_scanner_init PASSED                          [ 92%]
tests/test_scanner.py::test_scanner_init_with_params PASSED              [ 93%]
tests/test_scanner.py::test_scan_simple_file PASSED                      [ 93%]
tests/test_scanner.py::test_scan_directory PASSED                        [ 93%]
tests/test_scanner.py::test_runtime_monitoring PASSED                    [ 94%]
tests/test_scanner.py::test_get_run_command PASSED                       [ 94%]
tests/test_standards.py::TestStandardsRegistry::test_registry_init PASSED [ 95%]
tests/test_standards.py::TestStandardsRegistry::test_list_standards PASSED [ 95%]
tests/test_standards.py::TestStandardsRegistry::test_enabled_standards_by_default PASSED [ 96%]
tests/test_standards.py::TestStandardsRegistry::test_enable_disable_standard PASSED [ 96%]
tests/test_standards.py::TestStandardsRegistry::test_get_enabled_rules_python PASSED [ 96%]
tests/test_standards.py::TestStandardsRegistry::test_get_enabled_rules_javascript PASSED [ 97%]
tests/test_standards.py::TestStandardsRegistry::test_disable_rule PASSED [ 97%]
tests/test_standards.py::TestStandardsRegistry::test_export_rules_json PASSED [ 98%]
tests/test_standards.py::TestStandardsRegistry::test_export_rules_yaml PASSED [ 98%]
tests/test_standards.py::TestStandardsRegistry::test_standard_rule_dataclass PASSED [ 99%]
tests/test_standards.py::TestStandardsRegistry::test_sync_standards PASSED [ 99%]
tests/test_standards.py::TestStandardsIntegration::test_config_persistence PASSED [100%]

================================== FAILURES ===================================
___________________ TestProjectCommands.test_project_export ___________________
tests\test_cli_multiproject.py:149: in test_project_export
    assert result.exit_code == 0
E   assert 1 == 0
E    +  where 1 = <Result SystemExit(1)>.exit_code
---------------------------- Captured stdout call -----------------------------
============================= test session starts =============================

platform win32 -- Python 3.12.10, pytest-9.0.2, pluggy-1.6.0 -- C:\Users\kaushal.behere\AppData\Local\Programs\Python\Python312\python.exe

cachedir: .pytest_cache

rootdir: C:\Users\kaushal.behere\OneDrive - Accenture\Documents\Code\green-ai-agent

configfile: pytest.ini

testpaths: tests/

plugins: anyio-4.12.1

collecting ... collected 232 items



tests/test_additional_coverage.py::TestEmissionAnalyzer::test_emission_analyzer_init PASSED [  0%]

tests/test_additional_coverage.py::TestEmissionAnalyzer::test_analyze_codebase_empty PASSED [  0%]

tests/test_additional_coverage.py::TestEmissionAnalyzer::test_analyze_codebase_with_content PASSED [  1%]

tests/test_additional_coverage.py::TestEmissionAnalyzer::test_get_per_line_emissions PASSED [  1%]

tests/test_additional_coverage.py::TestEmissionAnalyzer::test_complexity_metrics_dataclass PASSED [  2%]

tests/test_additional_coverage.py::TestScannerAdvanced::test_scanner_is_supported_file PASSED [  2%]

tests/test_additional_coverage.py::TestScannerAdvanced::test_scanner_javascript_support PASSED [  3%]

tests/test_additional_coverage.py::TestScannerAdvanced::test_scanner_get_files PASSED [  3%]

tests/test_additional_coverage.py::TestScannerAdvanced::test_scanner_get_run_command_unsupported PASSED [  3%]

tests/test_ai_suggester.py::test_ai_suggester_init PASSED                [  4%]

tests/test_ai_suggester.py::test_suggest_fix PASSED                      [  4%]

tests/test_ai_suggester.py::test_suggest_fix_empty PASSED                [  5%]

tests/test_charts.py::TestSeverityChart::test_empty_issues PASSED        [  5%]

tests/test_charts.py::TestSeverityChart::test_single_high_severity PASSED [  6%]

tests/test_charts.py::TestSeverityChart::test_mixed_severities PASSED    [  6%]

tests/test_charts.py::TestSeverityChart::test_case_insensitive_severity PASSED [  6%]

tests/test_charts.py::TestViolationsByType::test_empty_issues PASSED     [  7%]

tests/test_charts.py::TestViolationsByType::test_issue_type_categorization PASSED [  7%]

tests/test_charts.py::TestViolationsByType::test_percentages_sum_to_100 PASSED [  8%]

tests/test_charts.py::TestViolationsByFile::test_empty_issues PASSED     [  8%]

tests/test_charts.py::TestViolationsByFile::test_single_file PASSED      [  9%]

tests/test_charts.py::TestViolationsByFile::test_multiple_files_sorted PASSED [  9%]

tests/test_charts.py::TestViolationsByFile::test_max_10_files PASSED     [  9%]

tests/test_charts.py::TestTopViolations::test_empty_issues PASSED        [ 10%]

tests/test_charts.py::TestTopViolations::test_sorted_by_emissions PASSED [ 10%]

tests/test_charts.py::TestTopViolations::test_limit_to_10 PASSED         [ 11%]

tests/test_charts.py::TestEmissionsTrend::test_empty_emissions PASSED    [ 11%]

tests/test_charts.py::TestEmissionsTrend::test_single_file PASSED        [ 12%]

tests/test_charts.py::TestEmissionsTrend::test_multiple_files PASSED     [ 12%]

tests/test_charts.py::TestEmissionsTrend::test_max_10_files PASSED       [ 12%]

tests/test_charts.py::TestSummaryMetrics::test_empty_results PASSED      [ 13%]

tests/test_charts.py::TestSummaryMetrics::test_issue_severity_counts PASSED [ 13%]

tests/test_charts.py::TestSummaryMetrics::test_emissions_totals PASSED   [ 14%]

tests/test_charts.py::TestSummaryMetrics::test_average_issue_emissions PASSED [ 14%]

tests/test_charts.py::TestGenerateAllCharts::test_generate_all_charts PASSED [ 15%]

tests/test_cli_multiproject.py::TestProjectCommands::test_project_add PASSED [ 15%]

tests/test_cli_multiproject.py::TestProjectCommands::test_project_add_duplicate PASSED [ 15%]

tests/test_cli_multiproject.py::TestProjectCommands::test_project_export FAILED [ 16%]

tests/test_cli_multiproject.py::TestProjectCommands::test_project_list FAILED [ 16%]

tests/test_cli_multiproject.py::TestProjectCommands::test_project_list_empty PASSED [ 17%]

tests/test_cli_multiproject.py::TestProjectCommands::test_project_remove PASSED [ 17%]

tests/test_cli_multiproject.py::TestProjectCommands::test_project_remove_not_found PASSED [ 18%]

tests/test_cli_multiproject.py::TestScanCommandValidation::test_scan_missing_path_and_git_url PASSED [ 18%]

tests/test_config.py::TestConfigLoader::test_default_config_when_no_file_exists PASSED [ 18%]

tests/test_config.py::TestConfigLoader::test_load_valid_yaml_config PASSED [ 19%]

tests/test_config.py::TestConfigLoader::test_config_merges_with_defaults PASSED [ 19%]

tests/test_config.py::TestConfigLoader::test_is_rule_enabled PASSED      [ 20%]

tests/test_config.py::TestConfigLoader::test_get_with_dot_notation PASSED [ 20%]

tests/test_config.py::TestConfigLoader::test_get_enabled_languages PASSED [ 21%]

tests/test_config.py::TestConfigLoader::test_validation_errors PASSED    [ 21%]

tests/test_config.py::TestConfigIntegration::test_scanner_respects_config PASSED [ 21%]

tests/test_dashboard_projects.py::TestProjectsAPIEndpoint::test_api_projects_list_success PASSED [ 22%]

tests/test_dashboard_projects.py::TestProjectsAPIEndpoint::test_api_projects_list_empty PASSED [ 22%]

tests/test_dashboard_projects.py::TestProjectsAPIEndpoint::test_api_projects_metrics_calculation PASSED [ 23%]

tests/test_dashboard_projects.py::TestProjectsAPIEndpoint::test_api_projects_list_violation_counts PASSED [ 23%]

tests/test_dashboard_projects.py::TestProjectDetailEndpoint::test_api_project_detail_success PASSED [ 24%]

tests/test_dashboard_projects.py::TestProjectDetailEndpoint::test_api_project_detail_not_found PASSED [ 24%]

tests/test_dashboard_projects.py::TestProjectDetailEndpoint::test_api_project_detail_complete_data PASSED [ 25%]

tests/test_dashboard_projects.py::TestComparisonEndpoint::test_api_comparison_multiple_projects PASSED [ 25%]

tests/test_dashboard_projects.py::TestComparisonEndpoint::test_api_comparison_no_projects_specified PASSED [ 25%]

tests/test_dashboard_projects.py::TestComparisonEndpoint::test_api_comparison_max_projects_limit PASSED [ 26%]

tests/test_dashboard_projects.py::TestComparisonEndpoint::test_api_comparison_invalid_projects PASSED [ 26%]

tests/test_dashboard_projects.py::TestComparisonEndpoint::test_api_comparison_partial_invalid_projects PASSED [ 27%]

tests/test_dashboard_projects.py::TestComparisonEndpoint::test_api_comparison_includes_all_metrics PASSED [ 27%]

tests/test_dashboard_projects.py::TestAverageGradeCalculation::test_average_grade_all_a PASSED [ 28%]

tests/test_dashboard_projects.py::TestAverageGradeCalculation::test_average_grade_mixed PASSED [ 28%]

tests/test_dashboard_projects.py::TestAverageGradeCalculation::test_average_grade_all_f PASSED [ 28%]

tests/test_dashboard_projects.py::TestAverageGradeCalculation::test_average_grade_mostly_a PASSED [ 29%]

tests/test_dashboard_projects.py::TestAverageGradeCalculation::test_average_grade_empty_list PASSED [ 29%]

tests/test_dashboard_projects.py::TestAverageGradeCalculation::test_average_grade_invalid_grades PASSED [ 30%]

tests/test_dashboard_projects.py::TestAverageGradeCalculation::test_average_grade_boundary_values PASSED [ 30%]

tests/test_dashboard_projects.py::TestDashboardIntegration::test_dashboard_route_exists PASSED [ 31%]

tests/test_dashboard_projects.py::TestDashboardIntegration::test_all_api_endpoints_exist FAILED [ 31%]

tests/test_dashboard_projects.py::TestDashboardIntegration::test_projects_list_returns_valid_json PASSED [ 31%]

tests/test_dashboard_projects.py::TestDashboardIntegration::test_comparison_returns_valid_json PASSED [ 32%]

tests/test_dashboard_projects.py::TestEdgeCases::test_project_with_no_violations PASSED [ 32%]

tests/test_dashboard_projects.py::TestEdgeCases::test_project_with_special_characters_in_name PASSED [ 33%]

tests/test_dashboard_projects.py::TestEdgeCases::test_project_with_large_emission_values PASSED [ 33%]

tests/test_dashboard_projects.py::TestEdgeCases::test_multiple_same_severity_violations PASSED [ 34%]

tests/test_emissions_storage.py::TestEmissionsStorage::test_codecarbon_defaults_to_data_folder PASSED [ 34%]

tests/test_emissions_storage.py::TestEmissionsStorage::test_codecarbon_accepts_custom_path PASSED [ 34%]

tests/test_emissions_storage.py::TestEmissionsStorage::test_scaphandre_defaults_to_data_folder PASSED [ 35%]

tests/test_emissions_storage.py::TestEmissionsStorage::test_scaphandre_accepts_custom_path PASSED [ 35%]

tests/test_emissions_storage.py::TestEmissionsStorage::test_data_folder_exists PASSED [ 36%]

tests/test_emissions_storage.py::TestEmissionsStorage::test_scaphandre_data_folder_created PASSED [ 36%]

tests/test_emissions_storage.py::TestEmissionsDataStructure::test_emissions_csv_location PASSED [ 37%]

tests/test_emissions_storage.py::TestEmissionsDataStructure::test_emissions_file_structure PASSED [ 37%]

tests/test_export.py::TestCSVExporter::test_csv_export_creates_file PASSED [ 37%]

tests/test_export.py::TestCSVExporter::test_csv_export_default_filename PASSED [ 38%]

tests/test_export.py::TestCSVExporter::test_csv_export_format PASSED     [ 38%]

tests/test_export.py::TestCSVExporter::test_csv_export_severity_sorting PASSED [ 39%]

tests/test_export.py::TestCSVExporter::test_csv_export_summary_row PASSED [ 39%]

tests/test_export.py::TestCSVExporter::test_get_statistics PASSED        [ 40%]

tests/test_export.py::TestCSVExporter::test_csv_export_empty_results PASSED [ 40%]

tests/test_export.py::TestCSVExporter::test_energy_factor_inference PASSED [ 40%]

tests/test_export.py::TestHTMLReporter::test_html_export_creates_file PASSED [ 41%]

tests/test_export.py::TestHTMLReporter::test_html_export_default_filename PASSED [ 41%]

tests/test_export.py::TestHTMLReporter::test_html_export_contains_key_elements PASSED [ 42%]

tests/test_export.py::TestHTMLReporter::test_html_export_statistics_display PASSED [ 42%]

tests/test_export.py::TestHTMLReporter::test_html_export_emissions_section PASSED [ 43%]

tests/test_export.py::TestHTMLReporter::test_html_export_empty_results PASSED [ 43%]

tests/test_export.py::TestHTMLReporter::test_get_color_for_severity PASSED [ 43%]

tests/test_git_operations.py::TestGitUrlParsing::test_parse_https_url_without_branch PASSED [ 44%]

tests/test_git_operations.py::TestGitUrlParsing::test_parse_https_url_with_branch PASSED [ 44%]

tests/test_git_operations.py::TestGitUrlParsing::test_parse_ssh_url_without_branch PASSED [ 45%]

tests/test_git_operations.py::TestGitUrlParsing::test_parse_ssh_url_with_branch PASSED [ 45%]

tests/test_git_operations.py::TestGitUrlParsing::test_parse_http_url PASSED [ 46%]

tests/test_git_operations.py::TestGitUrlParsing::test_parse_invalid_url_raises_exception PASSED [ 46%]

tests/test_git_operations.py::TestGitUrlParsing::test_parse_empty_url_raises_exception PASSED [ 46%]

tests/test_git_operations.py::TestGitUrlParsing::test_parse_none_url_raises_exception PASSED [ 47%]

tests/test_git_operations.py::TestRepoNameExtraction::test_extract_repo_name_from_https PASSED [ 47%]

tests/test_git_operations.py::TestRepoNameExtraction::test_extract_repo_name_from_ssh PASSED [ 48%]

tests/test_git_operations.py::TestRepoNameExtraction::test_extract_repo_name_with_branch PASSED [ 48%]

tests/test_git_operations.py::TestGitUrlDetection::test_is_git_url_https PASSED [ 49%]

tests/test_git_operations.py::TestGitUrlDetection::test_is_git_url_ssh PASSED [ 49%]

tests/test_git_operations.py::TestGitUrlDetection::test_is_git_url_with_branch PASSED [ 50%]

tests/test_git_operations.py::TestGitUrlDetection::test_is_not_git_url_invalid PASSED [ 50%]

tests/test_git_operations.py::TestGitUrlDetection::test_is_not_git_url_empty PASSED [ 50%]

tests/test_git_operations.py::TestGitUrlDetection::test_is_not_git_url_none PASSED [ 51%]

tests/test_git_operations.py::TestLocalPathDetection::test_is_local_path_existing_directory PASSED [ 51%]

tests/test_git_operations.py::TestLocalPathDetection::test_is_not_local_path_nonexistent PASSED [ 52%]

tests/test_git_operations.py::TestLocalPathDetection::test_is_not_local_path_file PASSED [ 52%]

tests/test_git_operations.py::TestLocalPathDetection::test_is_not_local_path_empty_string PASSED [ 53%]

tests/test_git_operations.py::TestLocalPathDetection::test_is_not_local_path_none PASSED [ 53%]

tests/test_git_operations.py::TestGitCloneOperation::test_clone_repository_success PASSED [ 53%]

tests/test_git_operations.py::TestGitCloneOperation::test_clone_repository_failure PASSED [ 54%]

tests/test_git_operations.py::TestGitCloneOperation::test_clone_repository_timeout PASSED [ 54%]

tests/test_git_operations.py::TestGitCloneOperation::test_clone_repository_no_git_installed PASSED [ 55%]

tests/test_git_operations.py::TestCheckoutBranch::test_checkout_branch_success PASSED [ 55%]

tests/test_git_operations.py::TestCheckoutBranch::test_checkout_branch_failure PASSED [ 56%]

tests/test_git_operations.py::TestCheckoutBranch::test_checkout_empty_branch_is_noop PASSED [ 56%]

tests/test_git_operations.py::TestCleanup::test_cleanup_nonexistent_directory PASSED [ 56%]

tests/test_git_operations.py::TestCleanup::test_cleanup_empty_path PASSED [ 57%]

tests/test_git_operations.py::TestCleanup::test_cleanup_none_path PASSED [ 57%]

tests/test_git_operations.py::TestCleanup::test_cleanup_existing_directory PASSED [ 58%]

tests/test_git_operations.py::TestDetectAndPrepare::test_detect_local_path PASSED [ 58%]

tests/test_git_operations.py::TestDetectAndPrepare::test_detect_git_url PASSED [ 59%]

tests/test_git_operations.py::TestDetectAndPrepare::test_detect_invalid_location PASSED [ 59%]

tests/test_history.py::TestScanHistory::test_scan_history_creation PASSED [ 59%]

tests/test_history.py::TestScanHistory::test_severity_breakdown PASSED   [ 60%]

tests/test_history.py::TestScanHistory::test_to_dict_serialization PASSED [ 60%]

tests/test_history.py::TestScanHistory::test_from_dict_deserialization PASSED [ 61%]

tests/test_history.py::TestHistoryManager::test_directory_creation PASSED [ 61%]

tests/test_history.py::TestHistoryManager::test_add_scan PASSED          [ 62%]

tests/test_history.py::TestHistoryManager::test_get_project_history PASSED [ 62%]

tests/test_history.py::TestHistoryManager::test_history_persistence PASSED [ 62%]

tests/test_history.py::TestHistoryManager::test_get_trending_data_insufficient_data PASSED [ 63%]

tests/test_history.py::TestHistoryManager::test_get_trending_data_improving PASSED [ 63%]

tests/test_history.py::TestHistoryManager::test_get_trending_data_worsening PASSED [ 64%]

tests/test_history.py::TestHistoryManager::test_get_trending_data_stable PASSED [ 64%]

tests/test_history.py::TestHistoryManager::test_compare_scans PASSED     [ 65%]

tests/test_history.py::TestHistoryManager::test_get_history_by_days PASSED [ 65%]

tests/test_history.py::TestHistoryManager::test_calculate_grade_all_critical PASSED [ 65%]

tests/test_history.py::TestHistoryManager::test_calculate_grade_all_low PASSED [ 66%]

tests/test_history.py::TestHistoryManager::test_calculate_grade_mixed PASSED [ 66%]

tests/test_history.py::TestHistoryManager::test_calculate_grade_empty PASSED [ 67%]

tests/test_history_api.py::TestHistoryAPI::test_api_history_missing_project PASSED [ 67%]

tests/test_history_api.py::TestHistoryAPI::test_api_history_empty PASSED [ 68%]

tests/test_history_api.py::TestHistoryAPI::test_api_trending_missing_project PASSED [ 68%]

tests/test_history_api.py::TestHistoryAPI::test_api_trending_no_scans PASSED [ 68%]

tests/test_history_api.py::TestHistoryAPI::test_api_compare_missing_project PASSED [ 69%]

tests/test_history_api.py::TestHistoryAPI::test_api_compare_insufficient_scans PASSED [ 69%]

tests/test_history_api.py::TestHistoryAPI::test_api_history_invalid_project_name PASSED [ 70%]

tests/test_history_api.py::TestHistoryAPI::test_api_endpoints_return_json PASSED [ 70%]

tests/test_integration.py::test_cli_scan_basic PASSED                    [ 71%]

tests/test_integration.py::test_cli_scan_with_runtime PASSED             [ 71%]

tests/test_integration.py::test_cli_dashboard PASSED                     [ 71%]

tests/test_project_manager.py::TestProject::test_create_project PASSED   [ 72%]

tests/test_project_manager.py::TestProject::test_project_to_dict PASSED  [ 72%]

tests/test_project_manager.py::TestProject::test_project_from_dict PASSED [ 73%]

tests/test_project_manager.py::TestProject::test_project_grade_no_violations PASSED [ 73%]

tests/test_project_manager.py::TestProject::test_project_grade_low_violations PASSED [ 74%]

tests/test_project_manager.py::TestProject::test_project_grade_medium_violations PASSED [ 74%]

tests/test_project_manager.py::TestProject::test_project_grade_high_violations PASSED [ 75%]

tests/test_project_manager.py::TestProject::test_project_grade_critical_violations PASSED [ 75%]

tests/test_project_manager.py::TestProject::test_project_update_scan_results PASSED [ 75%]

tests/test_project_manager.py::TestProjectManager::test_manager_init PASSED [ 76%]

tests/test_project_manager.py::TestProjectManager::test_add_project PASSED [ 76%]

tests/test_project_manager.py::TestProjectManager::test_add_duplicate_project_name PASSED [ 77%]

tests/test_project_manager.py::TestProjectManager::test_get_project_by_id PASSED [ 77%]

tests/test_project_manager.py::TestProjectManager::test_get_project_by_name PASSED [ 78%]

tests/test_project_manager.py::TestProjectManager::test_get_nonexistent_project PASSED [ 78%]

tests/test_project_manager.py::TestProjectManager::test_list_projects_sorted_by_name PASSED [ 78%]

tests/test_project_manager.py::TestProjectManager::test_list_projects_sorted_by_violations PASSED [ 79%]

tests/test_project_manager.py::TestProjectManager::test_remove_project PASSED [ 79%]

tests/test_project_manager.py::TestProjectManager::test_remove_nonexistent_project PASSED [ 80%]

tests/test_project_manager.py::TestProjectManager::test_update_project_scan PASSED [ 80%]

tests/test_project_manager.py::TestProjectManager::test_update_nonexistent_project PASSED [ 81%]

tests/test_project_manager.py::TestProjectManager::test_get_summary_metrics_empty PASSED [ 81%]

tests/test_project_manager.py::TestProjectManager::test_get_summary_metrics_with_projects PASSED [ 81%]

tests/test_project_manager.py::TestProjectManager::test_persist_and_load_projects PASSED [ 82%]

tests/test_project_manager.py::TestProjectManager::test_export_projects_json PASSED [ 82%]

tests/test_python.py::test_python_file_exists PASSED                     [ 83%]

tests/test_rules.py::test_rule_repository_init PASSED                    [ 83%]

tests/test_rules.py::test_get_rules_python PASSED                        [ 84%]

tests/test_rules.py::test_get_rules_javascript PASSED                    [ 84%]

tests/test_rules.py::test_get_rules_unknown PASSED                       [ 84%]

tests/test_runtime_monitor.py::TestPatternAnalyzer::test_high_cpu_detection PASSED [ 85%]

tests/test_runtime_monitor.py::TestPatternAnalyzer::test_no_patterns PASSED [ 85%]

tests/test_scan_api.py::TestScanAPI::test_scan_with_git_url PASSED       [ 86%]

tests/test_scan_api.py::TestScanAPI::test_scan_with_local_path PASSED    [ 86%]

tests/test_scan_api.py::TestScanAPI::test_scan_missing_project_name PASSED [ 87%]

tests/test_scan_api.py::TestScanAPI::test_scan_missing_language PASSED   [ 87%]

tests/test_scan_api.py::TestScanAPI::test_scan_with_branch PASSED        [ 87%]

tests/test_scan_api.py::TestProjectDeletion::test_delete_existing_project PASSED [ 88%]

tests/test_scan_api.py::TestProjectDeletion::test_delete_nonexistent_project FAILED [ 88%]

tests/test_scan_api.py::TestProjectRescan::test_rescan_existing_project FAILED [ 89%]

tests/test_scan_api.py::TestProjectRescan::test_rescan_nonexistent_project PASSED [ 89%]

tests/test_scan_api.py::TestProjectClear::test_clear_existing_project FAILED [ 90%]

tests/test_scan_api.py::TestProjectClear::test_clear_nonexistent_project PASSED [ 90%]

tests/test_scan_api.py::TestProjectEndpointIntegration::test_full_project_lifecycle FAILED [ 90%]

tests/test_scan_api.py::TestAPIErrorHandling::test_scan_with_special_characters_in_name PASSED [ 91%]

tests/test_scan_api.py::TestAPIErrorHandling::test_delete_with_url_encoding PASSED [ 91%]

tests/test_scan_api.py::TestAPIErrorHandling::test_malformed_json_request PASSED [ 92%]

tests/test_scanner.py::test_scanner_init PASSED                          [ 92%]

tests/test_scanner.py::test_scanner_init_with_params PASSED              [ 93%]

tests/test_scanner.py::test_scan_simple_file PASSED                      [ 93%]

tests/test_scanner.py::test_scan_directory PASSED                        [ 93%]

tests/test_scanner.py::test_runtime_monitoring PASSED                    [ 94%]

tests/test_scanner.py::test_get_run_command PASSED                       [ 94%]

tests/test_standards.py::TestStandardsRegistry::test_registry_init PASSED [ 95%]

tests/test_standards.py::TestStandardsRegistry::test_list_standards PASSED [ 95%]

tests/test_standards.py::TestStandardsRegistry::test_enabled_standards_by_default PASSED [ 96%]

tests/test_standards.py::TestStandardsRegistry::test_enable_disable_standard PASSED [ 96%]

tests/test_standards.py::TestStandardsRegistry::test_get_enabled_rules_python PASSED [ 96%]

tests/test_standards.py::TestStandardsRegistry::test_get_enabled_rules_javascript PASSED [ 97%]

tests/test_standards.py::TestStandardsRegistry::test_disable_rule PASSED [ 97%]

tests/test_standards.py::TestStandardsRegistry::test_export_rules_json PASSED [ 98%]

tests/test_standards.py::TestStandardsRegistry::test_export_rules_yaml PASSED [ 98%]

tests/test_standards.py::TestStandardsRegistry::test_standard_rule_dataclass PASSED [ 99%]

tests/test_standards.py::TestStandardsRegistry::test_sync_standards PASSED [ 99%]

tests/test_standards.py::TestStandardsIntegration::test_config_persistence PASSED [100%]



================================== FAILURES ===================================

___________________ TestProjectCommands.test_project_export ___________________

tests\test_cli_multiproject.py:149: in test_project_export

    assert result.exit_code == 0

E   assert 3 == 0

E    +  where 3 = <Result SystemExit(3)>.exit_code

------------------------------ Captured log call ------------------------------

WARNING  werkzeug:_internal.py:97  * Debugger is active!

INFO     werkzeug:_internal.py:97  * Debugger PIN: 116-752-547

INFO     werkzeug:_internal.py:97  * Detected change in 'C:\\Users\\kaushal.behere\\OneDrive - Accenture\\Documents\\Code\\green-ai-agent\\src\\core\\export.py', reloading

____________________ TestProjectCommands.test_project_list ____________________

tests\test_cli_multiproject.py:92: in test_project_list

    assert result.exit_code == 0

E   assert 1 == 0

E    +  where 1 = <Result SystemExit(1)>.exit_code

____________ TestDashboardIntegration.test_all_api_endpoints_exist ____________

tests\test_dashboard_projects.py:367: in test_all_api_endpoints_exist

    response = client.get(endpoint)

               ^^^^^^^^^^^^^^^^^^^^

..\..\..\..\AppData\Local\Programs\Python\Python312\Lib\site-packages\werkzeug\test.py:1162: in get

    return self.open(*args, **kw)

           ^^^^^^^^^^^^^^^^^^^^^^

..\..\..\..\AppData\Local\Programs\Python\Python312\Lib\site-packages\flask\testing.py:235: in open

    response = super().open(

..\..\..\..\AppData\Local\Programs\Python\Python312\Lib\site-packages\werkzeug\test.py:1116: in open

    response_parts = self.run_wsgi_app(request.environ, buffered=buffered)

                     ^^^^^^^^^^^^^^^^^^^^^^^^^^^^^^^^^^^^^^^^^^^^^^^^^^^^^

..\..\..\..\AppData\Local\Programs\Python\Python312\Lib\site-packages\werkzeug\test.py:988: in run_wsgi_app

    rv = run_wsgi_app(self.application, environ, buffered=buffered)

         ^^^^^^^^^^^^^^^^^^^^^^^^^^^^^^^^^^^^^^^^^^^^^^^^^^^^^^^^^^

..\..\..\..\AppData\Local\Programs\Python\Python312\Lib\site-packages\werkzeug\test.py:1264: in run_wsgi_app

    app_rv = app(environ, start_response)

             ^^^^^^^^^^^^^^^^^^^^^^^^^^^^

..\..\..\..\AppData\Local\Programs\Python\Python312\Lib\site-packages\flask\app.py:1536: in __call__

    return self.wsgi_app(environ, start_response)

           ^^^^^^^^^^^^^^^^^^^^^^^^^^^^^^^^^^^^^^

..\..\..\..\AppData\Local\Programs\Python\Python312\Lib\site-packages\flask\app.py:1514: in wsgi_app

    response = self.handle_exception(e)

               ^^^^^^^^^^^^^^^^^^^^^^^^

..\..\..\..\AppData\Local\Programs\Python\Python312\Lib\site-packages\flask\app.py:1511: in wsgi_app

    response = self.full_dispatch_request()

               ^^^^^^^^^^^^^^^^^^^^^^^^^^^^

..\..\..\..\AppData\Local\Programs\Python\Python312\Lib\site-packages\flask\app.py:919: in full_dispatch_request

    rv = self.handle_user_exception(e)

         ^^^^^^^^^^^^^^^^^^^^^^^^^^^^^

..\..\..\..\AppData\Local\Programs\Python\Python312\Lib\site-packages\flask\app.py:917: in full_dispatch_request

    rv = self.dispatch_request()

         ^^^^^^^^^^^^^^^^^^^^^^^

..\..\..\..\AppData\Local\Programs\Python\Python312\Lib\site-packages\flask\app.py:902: in dispatch_request

    return self.ensure_sync(self.view_functions[rule.endpoint])(**view_args)  # type: ignore[no-any-return]

           ^^^^^^^^^^^^^^^^^^^^^^^^^^^^^^^^^^^^^^^^^^^^^^^^^^^^^^^^^^^^^^^^^

src\ui\server.py:147: in api_projects_list

    'id': project.get('id'),

          ^^^^^^^^^^^

E   AttributeError: 'Project' object has no attribute 'get'

_____________ TestProjectDeletion.test_delete_nonexistent_project _____________

tests\test_scan_api.py:140: in test_delete_nonexistent_project

    assert response.status_code == 200

E   assert 404 == 200

E    +  where 404 = <WrapperTestResponse streamed [404 NOT FOUND]>.status_code

_______________ TestProjectRescan.test_rescan_existing_project ________________

tests\test_scan_api.py:149: in test_rescan_existing_project

    project_manager.add_project('test_rescan_project', 'python',

src\core\project_manager.py:220: in add_project

    raise ProjectException(f"Project '{name}' already exists")

E   src.core.project_manager.ProjectException: Project 'test_rescan_project' already exists

________________ TestProjectClear.test_clear_existing_project _________________

tests\test_scan_api.py:175: in test_clear_existing_project

    project_manager.add_project('test_clear_project', 'python',

src\core\project_manager.py:220: in add_project

    raise ProjectException(f"Project '{name}' already exists")

E   src.core.project_manager.ProjectException: Project 'test_clear_project' already exists

_________ TestProjectEndpointIntegration.test_full_project_lifecycle __________

tests\test_scan_api.py:222: in test_full_project_lifecycle

    assert response.status_code == 200

E   assert 500 == 200

E    +  where 500 = <WrapperTestResponse streamed [500 INTERNAL SERVER ERROR]>.status_code

============================== warnings summary ===============================

tests/test_cli_multiproject.py::TestProjectCommands::test_project_export

  C:\Users\kaushal.behere\AppData\Local\Programs\Python\Python312\Lib\site-packages\_pytest\threadexception.py:58: PytestUnhandledThreadExceptionWarning: Exception in thread Thread-1 (serve_forever)

  

  Traceback (most recent call last):

    File "C:\Users\kaushal.behere\AppData\Local\Programs\Python\Python312\Lib\threading.py", line 1075, in _bootstrap_inner

      self.run()

    File "C:\Users\kaushal.behere\AppData\Local\Programs\Python\Python312\Lib\threading.py", line 1012, in run

      self._target(*self._args, **self._kwargs)

    File "C:\Users\kaushal.behere\AppData\Local\Programs\Python\Python312\Lib\site-packages\werkzeug\serving.py", line 819, in serve_forever

      super().serve_forever(poll_interval=poll_interval)

    File "C:\Users\kaushal.behere\AppData\Local\Programs\Python\Python312\Lib\socketserver.py", line 235, in serve_forever

      ready = selector.select(poll_interval)

              ^^^^^^^^^^^^^^^^^^^^^^^^^^^^^^

    File "C:\Users\kaushal.behere\AppData\Local\Programs\Python\Python312\Lib\selectors.py", line 323, in select

      r, w, _ = self._select(self._readers, self._writers, [], timeout)

                ^^^^^^^^^^^^^^^^^^^^^^^^^^^^^^^^^^^^^^^^^^^^^^^^^^^^^^^

    File "C:\Users\kaushal.behere\AppData\Local\Programs\Python\Python312\Lib\selectors.py", line 314, in _select

      r, w, x = select.select(r, w, w, timeout)

                ^^^^^^^^^^^^^^^^^^^^^^^^^^^^^^^

  OSError: [WinError 10038] An operation was attempted on something that is not a socket

  

  Enable tracemalloc to get traceback where the object was allocated.

  See https://docs.pytest.org/en/stable/how-to/capture-warnings.html#resource-warnings for more info.

    warnings.warn(pytest.PytestUnhandledThreadExceptionWarning(msg))



tests/test_project_manager.py::TestProject::test_project_update_scan_results

tests/test_project_manager.py::TestProject::test_project_update_scan_results

tests/test_project_manager.py::TestProjectManager::test_update_project_scan

  C:\Users\kaushal.behere\OneDrive - Accenture\Documents\Code\green-ai-agent\src\core\project_manager.py:122: DeprecationWarning: datetime.datetime.utcnow() is deprecated and scheduled for removal in a future version. Use timezone-aware objects to represent datetimes in UTC: datetime.datetime.now(datetime.UTC).

    self.last_scan = datetime.utcnow().isoformat() + "Z"



tests/test_project_manager.py::TestProjectManager::test_export_projects_json

  C:\Users\kaushal.behere\OneDrive - Accenture\Documents\Code\green-ai-agent\src\core\project_manager.py:382: DeprecationWarning: datetime.datetime.utcnow() is deprecated and scheduled for removal in a future version. Use timezone-aware objects to represent datetimes in UTC: datetime.datetime.now(datetime.UTC).

    'exported': datetime.utcnow().isoformat() + "Z",



-- Docs: https://docs.pytest.org/en/stable/how-to/capture-warnings.html

=========================== short test summary info ===========================

FAILED tests/test_cli_multiproject.py::TestProjectCommands::test_project_export

FAILED tests/test_cli_multiproject.py::TestProjectCommands::test_project_list

FAILED tests/test_dashboard_projects.py::TestDashboardIntegration::test_all_api_endpoints_exist

FAILED tests/test_scan_api.py::TestProjectDeletion::test_delete_nonexistent_project

FAILED tests/test_scan_api.py::TestProjectRescan::test_rescan_existing_project

FAILED tests/test_scan_api.py::TestProjectClear::test_clear_existing_project

FAILED tests/test_scan_api.py::TestProjectEndpointIntegration::test_full_project_lifecycle

=========== 7 failed, 225 passed, 5 warnings in 1665.73s (0:27:45) ============

------------------------------ Captured log call ------------------------------
INFO     werkzeug:_internal.py:97 [31m[1mWARNING: This is a development server. Do not use it in a production deployment. Use a production WSGI server instead.[0m
 * Running on http://127.0.0.1:5000
INFO     werkzeug:_internal.py:97 [33mPress CTRL+C to quit[0m
INFO     werkzeug:_internal.py:97  * Restarting with stat
____________________ TestProjectCommands.test_project_list ____________________
tests\test_cli_multiproject.py:92: in test_project_list
    assert result.exit_code == 0
E   assert 1 == 0
E    +  where 1 = <Result SystemExit(1)>.exit_code
____________ TestDashboardIntegration.test_all_api_endpoints_exist ____________
tests\test_dashboard_projects.py:367: in test_all_api_endpoints_exist
    response = client.get(endpoint)
               ^^^^^^^^^^^^^^^^^^^^
..\..\..\..\AppData\Local\Programs\Python\Python312\Lib\site-packages\werkzeug\test.py:1162: in get
    return self.open(*args, **kw)
           ^^^^^^^^^^^^^^^^^^^^^^
..\..\..\..\AppData\Local\Programs\Python\Python312\Lib\site-packages\flask\testing.py:235: in open
    response = super().open(
..\..\..\..\AppData\Local\Programs\Python\Python312\Lib\site-packages\werkzeug\test.py:1116: in open
    response_parts = self.run_wsgi_app(request.environ, buffered=buffered)
                     ^^^^^^^^^^^^^^^^^^^^^^^^^^^^^^^^^^^^^^^^^^^^^^^^^^^^^
..\..\..\..\AppData\Local\Programs\Python\Python312\Lib\site-packages\werkzeug\test.py:988: in run_wsgi_app
    rv = run_wsgi_app(self.application, environ, buffered=buffered)
         ^^^^^^^^^^^^^^^^^^^^^^^^^^^^^^^^^^^^^^^^^^^^^^^^^^^^^^^^^^
..\..\..\..\AppData\Local\Programs\Python\Python312\Lib\site-packages\werkzeug\test.py:1264: in run_wsgi_app
    app_rv = app(environ, start_response)
             ^^^^^^^^^^^^^^^^^^^^^^^^^^^^
..\..\..\..\AppData\Local\Programs\Python\Python312\Lib\site-packages\flask\app.py:1536: in __call__
    return self.wsgi_app(environ, start_response)
           ^^^^^^^^^^^^^^^^^^^^^^^^^^^^^^^^^^^^^^
..\..\..\..\AppData\Local\Programs\Python\Python312\Lib\site-packages\flask\app.py:1514: in wsgi_app
    response = self.handle_exception(e)
               ^^^^^^^^^^^^^^^^^^^^^^^^
..\..\..\..\AppData\Local\Programs\Python\Python312\Lib\site-packages\flask\app.py:1511: in wsgi_app
    response = self.full_dispatch_request()
               ^^^^^^^^^^^^^^^^^^^^^^^^^^^^
..\..\..\..\AppData\Local\Programs\Python\Python312\Lib\site-packages\flask\app.py:919: in full_dispatch_request
    rv = self.handle_user_exception(e)
         ^^^^^^^^^^^^^^^^^^^^^^^^^^^^^
..\..\..\..\AppData\Local\Programs\Python\Python312\Lib\site-packages\flask\app.py:917: in full_dispatch_request
    rv = self.dispatch_request()
         ^^^^^^^^^^^^^^^^^^^^^^^
..\..\..\..\AppData\Local\Programs\Python\Python312\Lib\site-packages\flask\app.py:902: in dispatch_request
    return self.ensure_sync(self.view_functions[rule.endpoint])(**view_args)  # type: ignore[no-any-return]
           ^^^^^^^^^^^^^^^^^^^^^^^^^^^^^^^^^^^^^^^^^^^^^^^^^^^^^^^^^^^^^^^^^
src\ui\server.py:147: in api_projects_list
    'id': project.get('id'),
          ^^^^^^^^^^^
E   AttributeError: 'Project' object has no attribute 'get'
_____________ TestProjectDeletion.test_delete_nonexistent_project _____________
tests\test_scan_api.py:140: in test_delete_nonexistent_project
    assert response.status_code == 200
E   assert 404 == 200
E    +  where 404 = <WrapperTestResponse streamed [404 NOT FOUND]>.status_code
_______________ TestProjectRescan.test_rescan_existing_project ________________
tests\test_scan_api.py:149: in test_rescan_existing_project
    project_manager.add_project('test_rescan_project', 'python',
src\core\project_manager.py:220: in add_project
    raise ProjectException(f"Project '{name}' already exists")
E   src.core.project_manager.ProjectException: Project 'test_rescan_project' already exists
________________ TestProjectClear.test_clear_existing_project _________________
tests\test_scan_api.py:175: in test_clear_existing_project
    project_manager.add_project('test_clear_project', 'python',
src\core\project_manager.py:220: in add_project
    raise ProjectException(f"Project '{name}' already exists")
E   src.core.project_manager.ProjectException: Project 'test_clear_project' already exists
_________ TestProjectEndpointIntegration.test_full_project_lifecycle __________
tests\test_scan_api.py:222: in test_full_project_lifecycle
    assert response.status_code == 200
E   assert 500 == 200
E    +  where 500 = <WrapperTestResponse streamed [500 INTERNAL SERVER ERROR]>.status_code
============================== warnings summary ===============================
tests/test_project_manager.py::TestProject::test_project_update_scan_results
tests/test_project_manager.py::TestProject::test_project_update_scan_results
tests/test_project_manager.py::TestProjectManager::test_update_project_scan
  C:\Users\kaushal.behere\OneDrive - Accenture\Documents\Code\green-ai-agent\src\core\project_manager.py:122: DeprecationWarning: datetime.datetime.utcnow() is deprecated and scheduled for removal in a future version. Use timezone-aware objects to represent datetimes in UTC: datetime.datetime.now(datetime.UTC).
    self.last_scan = datetime.utcnow().isoformat() + "Z"

tests/test_project_manager.py::TestProjectManager::test_export_projects_json
  C:\Users\kaushal.behere\OneDrive - Accenture\Documents\Code\green-ai-agent\src\core\project_manager.py:382: DeprecationWarning: datetime.datetime.utcnow() is deprecated and scheduled for removal in a future version. Use timezone-aware objects to represent datetimes in UTC: datetime.datetime.now(datetime.UTC).
    'exported': datetime.utcnow().isoformat() + "Z",

-- Docs: https://docs.pytest.org/en/stable/how-to/capture-warnings.html
=========================== short test summary info ===========================
FAILED tests/test_cli_multiproject.py::TestProjectCommands::test_project_export
FAILED tests/test_cli_multiproject.py::TestProjectCommands::test_project_list
FAILED tests/test_dashboard_projects.py::TestDashboardIntegration::test_all_api_endpoints_exist
FAILED tests/test_scan_api.py::TestProjectDeletion::test_delete_nonexistent_project
FAILED tests/test_scan_api.py::TestProjectRescan::test_rescan_existing_project
FAILED tests/test_scan_api.py::TestProjectClear::test_clear_existing_project
FAILED tests/test_scan_api.py::TestProjectEndpointIntegration::test_full_project_lifecycle
=========== 7 failed, 225 passed, 4 warnings in 1670.71s (0:27:50) ============
